// Jest Snapshot v1, https://goo.gl/fbAQLP

exports[`<Input /> snapshot 1`] = `
<div>
  <div
    class="field"
  >
    <label
      class="label"
    >
      username
    </label>
    <div
      class="control"
    >
      <input
        class="input"
        name="username"
        placeholder="Test Placeholder"
        type="text"
        value="John Doe"
      />
    </div>
  </div>
</div>
`;
